// Jest Snapshot v1, https://goo.gl/fbAQLP

exports[`<ProductCard /> test case Render Header without error 1`] = `<div />`;
